---
source: day13/src/main.rs
expression: actual
---
[
    Machine {
        button_a: (
            94,
            34,
        ),
        button_b: (
            22,
            67,
        ),
        price: (
            8400,
            5400,
        ),
    },
    Machine {
        button_a: (
            26,
            66,
        ),
        button_b: (
            67,
            21,
        ),
        price: (
            12748,
            12176,
        ),
    },
    Machine {
        button_a: (
            17,
            86,
        ),
        button_b: (
            84,
            37,
        ),
        price: (
            7870,
            6450,
        ),
    },
    Machine {
        button_a: (
            69,
            23,
        ),
        button_b: (
            27,
            71,
        ),
        price: (
            18641,
            10279,
        ),
    },
]
